== sieve_page ==
react        199717 →  7887 pub -          upd -          -        text: -                  -                  h33 c32
vue           56681 →  3420 pub -          upd -          -        text: -                  -                  h17 c34
svelte            0 →     0 pub -          upd -          -        text: -                  fetch-failed       h0 c0
nextjs       212044 →  1514 pub -          upd 2026-08-25 -        text: -                  -                  h10 c10
astro        114559 →  2686 pub -          upd -          -        text: -                  -                  h11 c18
node         367393 → 45966 pub -          upd -          -        text: -                  -                  h257 c105
mdn           48995 →  4585 pub 2025-08-20 upd -          time     text: -                  -                  h17 c23
wordpress     74759 →  3349 pub 2017-02-11 upd -          time     text: -                  -                  h8 c1
php           24670 →  1640 pub -          upd -          -        text: -                  -                  h6 c14
python         6941 →   462 pub -          upd -          -        text: -                  -                  h0 c1
postgres      30324 → 12974 pub 2026-08-13 upd -          meta     text: -                  -                  h35 c37
tailwind     146840 →  2796 pub -          upd -          -        text: -                  -                  h21 c21
typescript   107370 →  4541 pub -          upd 2026-09-21 -        text: -                  -                  h9 c31
stripe       616481 →  2753 pub -          upd -          -        text: -                  -                  h8 c3
cloudflare    62929 →   934 pub 2026-07-05 upd 2026-07-05 time     text: -                  -                  h4 c4

== jev_extract: the date the page states ==
  react       markup -          jev -                    not_found 
  vue         markup -          jev -                    not_found 
  nextjs      markup 2026-08-25 jev -                    not_found 
  astro       markup -          jev -                    not_found 
  node        markup -          jev -                    not_found 
  mdn         markup 2025-08-20 jev -                    not_found 
  wordpress   markup 2017-02-11 jev -                    not_found 
  php         markup -          jev -                    not_found 
  python      markup -          jev -                    not_found 
  postgres    markup 2026-08-13 jev August 13, 2026      review    
  tailwind    markup -          jev -                    not_found 
  typescript  markup 2026-09-21 jev -                    not_found 
  stripe      markup -          jev -                    not_found 
  cloudflare  markup 2026-07-05 jev -                    not_found 

14/15 usable; dated by markup 6; client-rendered 0; raw 2069703 → state 95507
